# scenario: initialized
# revision: 5
# reason: issuer-registry init now stores ActiveIssuerCount MaxActiveIssuers ReactivationCooldown and IssuerEpoch keys
# body-digest: d10dd880dff62e0d418c2da6c61591ecc278714bb47fcda324c9f60797c0c7c6

[ledger]
sequence = 1000
timestamp = 1000

[storage]
issuer-registry instance [sym:ActiveIssuerCount] = u32:0
issuer-registry instance [sym:Admin] = addr:admin
issuer-registry instance [sym:ContractVersion] = u32:1
issuer-registry instance [sym:IssuerEpoch] = u64:0
issuer-registry instance [sym:MaxActiveIssuers] = u32:4294967295
issuer-registry instance [sym:ReactivationCooldown] = u64:0
proof-registry instance [sym:Admin] = addr:admin
proof-registry instance [sym:ContractVersion] = u32:1
proof-registry instance [sym:IssuerRegistry] = addr:issuer-registry
proof-registry instance [sym:ProtocolConfig] = addr:protocol-config
protocol-config instance [sym:Admin] = addr:admin
protocol-config instance [sym:ConfigVersion] = u32:2
protocol-config instance [sym:ContractVersion] = u32:1
protocol-config instance [sym:Paused] = false
protocol-config persistent [sym:SchemaVersion, u32:1] = true

[events]
protocol-config topics=[sym:initialized] data={sym:admin: addr:admin}
protocol-config topics=[sym:schema_approved] data={sym:version: u32:1}

[verdicts]
protocol-config.is_paused = false
protocol-config.is_schema_version_approved(1) = true
issuer-registry.is_active_address(issuer) = false
proof-registry.is_valid_proof(proof) = false
proof-registry.is_revoked(proof) = false
